// Vitest Snapshot v1, https://vitest.dev/guide/snapshot.html

exports[`builds a trade2 query for the rare fixture 1`] = `"{"query":{"status":{"option":"online"},"stats":[{"type":"and","filters":[{"id":"explicit.stat_4080418644","value":{"min":31},"disabled":false},{"id":"explicit.stat_1692879867","value":{"max":-46},"disabled":false},{"id":"explicit.stat_3855016469","value":{"min":40},"disabled":false}]},{"type":"count","value":{"min":1},"disabled":true,"filters":[{"id":"desecrated.stat_3484657501","value":{"min":230},"disabled":true},{"id":"desecrated.stat_809229260","value":{"min":230},"disabled":true}]}],"filters":{"trade_filters":{"filters":{"collapse":{"option":"true"}}},"type_filters":{"filters":{"category":{"option":"armour.chest"},"rarity":{"option":"nonunique"}}},"equipment_filters":{"filters":{"rune_sockets":{"min":3}}},"misc_filters":{"filters":{"corrupted":{"option":"false"},"mirrored":{"option":"false"},"sanctified":{"option":"false"}}}}},"sort":{"price":"asc"}}"`;
